---
source: core/tests/acl/src/lib.rs
assertion_line: 59
expression: resolved
---
Resolved {
    allowed_commands: {
        CommandKey {
            name: "plugin:fs|read_dir",
            context: Local,
        }: ResolvedCommand {
            windows: [
                Pattern {
                    original: "main",
                    tokens: [
                        Char(
                            'm',
                        ),
                        Char(
                            'a',
                        ),
                        Char(
                            'i',
                        ),
                        Char(
                            'n',
                        ),
                    ],
                    is_recursive: false,
                },
            ],
            scope: None,
        },
        CommandKey {
            name: "plugin:fs|read_file",
            context: Local,
        }: ResolvedCommand {
            windows: [
                Pattern {
                    original: "main",
                    tokens: [
                        Char(
                            'm',
                        ),
                        Char(
                            'a',
                        ),
                        Char(
                            'i',
                        ),
                        Char(
                            'n',
                        ),
                    ],
                    is_recursive: false,
                },
            ],
            scope: None,
        },
    },
    denied_commands: {},
    command_scope: {},
    global_scope: {
        "fs": ResolvedScope {
            allow: [
                Map(
                    {
                        "path": String(
                            "$APP",
                        ),
                    },
                ),
            ],
            deny: [],
        },
    },
}
